 [WebRTC Module] LOADED - v2025-12-21-new
 [Input] Setting up keyboard input
 [initUI] Checking required DOM elements: Object
 [renderer] initializeSpriteAnimator called
 [spriteAnimator] initSpriteAnimator called
 [spriteAnimator] Attempting to load metadata from: /data/spriteSheet.json
 [renderer] initializeSpriteAnimator called
 [spriteAnimator] initSpriteAnimator called
 [spriteAnimator] Attempting to load metadata from: /data/spriteSheet.json
 [renderer] initializeSpriteAnimator called
 [spriteAnimator] initSpriteAnimator called
 [spriteAnimator] Attempting to load metadata from: /data/spriteSheet.json
 [renderer] initializeSpriteAnimator called
 [spriteAnimator] initSpriteAnimator called
 [spriteAnimator] Attempting to load metadata from: /data/spriteSheet.json
 [renderer] initializeSpriteAnimator called
 [spriteAnimator] initSpriteAnimator called
 [spriteAnimator] Attempting to load metadata from: /data/spriteSheet.json
 [renderer] initializeSpriteAnimator called
 [spriteAnimator] initSpriteAnimator called
 [spriteAnimator] Attempting to load metadata from: /data/spriteSheet.json
/data/spriteSheet.json:1  Failed to load resource: the server responded with a status of 404 ()
 [spriteAnimator] Failed to load from /data/spriteSheet.json - status: 404
 [spriteAnimator] Attempting to load metadata from: ./data/spriteSheet.json
 [renderer] initializeSpriteAnimator called
 [spriteAnimator] initSpriteAnimator called
 [spriteAnimator] Attempting to load metadata from: /data/spriteSheet.json
 [renderer] initializeSpriteAnimator called
 [spriteAnimator] initSpriteAnimator called
 [spriteAnimator] Attempting to load metadata from: /data/spriteSheet.json
 [renderer] initializeSpriteAnimator called
 [spriteAnimator] initSpriteAnimator called
 [spriteAnimator] Attempting to load metadata from: /data/spriteSheet.json
 [renderer] initializeSpriteAnimator called
 [spriteAnimator] initSpriteAnimator called
 [spriteAnimator] Attempting to load metadata from: /data/spriteSheet.json
 [renderer] initializeSpriteAnimator called
 [spriteAnimator] initSpriteAnimator called
 [spriteAnimator] Attempting to load metadata from: /data/spriteSheet.json
 [renderer] initializeSpriteAnimator called
 [spriteAnimator] initSpriteAnimator called
 [spriteAnimator] Attempting to load metadata from: /data/spriteSheet.json
 [renderer] initializeSpriteAnimator called
 [spriteAnimator] initSpriteAnimator called
 [spriteAnimator] Attempting to load metadata from: /data/spriteSheet.json
/data/spriteSheet.json:1  Failed to load resource: the server responded with a status of 404 ()
 [spriteAnimator] Failed to load from /data/spriteSheet.json - status: 404
 [spriteAnimator] Attempting to load metadata from: ./data/spriteSheet.json
 [spriteAnimator] Successfully loaded metadata from: ./data/spriteSheet.json
 [spriteAnimator] Metadata loaded successfully: 11 sprites
 [spriteAnimator] Metadata keys: Array(11)
 [spriteAnimator] Initialized successfully
 [renderer] spriteAnimator initialized successfully
 [spriteAnimator] Successfully loaded metadata from: ./data/spriteSheet.json
 [spriteAnimator] Metadata loaded successfully: 11 sprites
 [spriteAnimator] Metadata keys: Array(11)
 [spriteAnimator] Initialized successfully
 [renderer] spriteAnimator initialized successfully
/data/spriteSheet.json:1  Failed to load resource: the server responded with a status of 404 ()
 [spriteAnimator] Failed to load from /data/spriteSheet.json - status: 404
 [spriteAnimator] Attempting to load metadata from: ./data/spriteSheet.json
 [spriteAnimator] Successfully loaded metadata from: ./data/spriteSheet.json
 [spriteAnimator] Metadata loaded successfully: 11 sprites
 [spriteAnimator] Metadata keys: Array(11)
 [spriteAnimator] Initialized successfully
 [renderer] spriteAnimator initialized successfully
/data/spriteSheet.json:1  Failed to load resource: the server responded with a status of 404 ()
 [spriteAnimator] Failed to load from /data/spriteSheet.json - status: 404
 [spriteAnimator] Attempting to load metadata from: ./data/spriteSheet.json
 [spriteAnimator] Successfully loaded metadata from: ./data/spriteSheet.json
 [spriteAnimator] Metadata loaded successfully: 11 sprites
 [spriteAnimator] Metadata keys: Array(11)
 [spriteAnimator] Initialized successfully
 [renderer] spriteAnimator initialized successfully
/data/spriteSheet.json:1  Failed to load resource: the server responded with a status of 404 ()
 [spriteAnimator] Failed to load from /data/spriteSheet.json - status: 404
 [spriteAnimator] Attempting to load metadata from: ./data/spriteSheet.json
 [spriteAnimator] Successfully loaded metadata from: ./data/spriteSheet.json
 [spriteAnimator] Metadata loaded successfully: 11 sprites
 [spriteAnimator] Metadata keys: Array(11)
 [spriteAnimator] Initialized successfully
 [renderer] spriteAnimator initialized successfully
/data/spriteSheet.json:1  Failed to load resource: the server responded with a status of 404 ()
 [spriteAnimator] Failed to load from /data/spriteSheet.json - status: 404
 [spriteAnimator] Attempting to load metadata from: ./data/spriteSheet.json
 [spriteAnimator] Successfully loaded metadata from: ./data/spriteSheet.json
 [spriteAnimator] Metadata loaded successfully: 11 sprites
 [spriteAnimator] Metadata keys: Array(11)
 [spriteAnimator] Initialized successfully
 [renderer] spriteAnimator initialized successfully
/data/spriteSheet.json:1  Failed to load resource: the server responded with a status of 404 ()
 [spriteAnimator] Failed to load from /data/spriteSheet.json - status: 404
 [spriteAnimator] Attempting to load metadata from: ./data/spriteSheet.json
 [spriteAnimator] Successfully loaded metadata from: ./data/spriteSheet.json
 [spriteAnimator] Metadata loaded successfully: 11 sprites
 [spriteAnimator] Metadata keys: Array(11)
 [spriteAnimator] Initialized successfully
 [renderer] spriteAnimator initialized successfully
/data/spriteSheet.json:1  Failed to load resource: the server responded with a status of 404 ()
 [spriteAnimator] Failed to load from /data/spriteSheet.json - status: 404
 [spriteAnimator] Attempting to load metadata from: ./data/spriteSheet.json
 [spriteAnimator] Successfully loaded metadata from: ./data/spriteSheet.json
 [spriteAnimator] Metadata loaded successfully: 11 sprites
 [spriteAnimator] Metadata keys: Array(11)
 [spriteAnimator] Initialized successfully
 [renderer] spriteAnimator initialized successfully
/data/spriteSheet.json:1  Failed to load resource: the server responded with a status of 404 ()
 [spriteAnimator] Failed to load from /data/spriteSheet.json - status: 404
 [spriteAnimator] Attempting to load metadata from: ./data/spriteSheet.json
 [spriteAnimator] Successfully loaded metadata from: ./data/spriteSheet.json
 [spriteAnimator] Metadata loaded successfully: 11 sprites
 [spriteAnimator] Metadata keys: Array(11)
 [spriteAnimator] Initialized successfully
 [renderer] spriteAnimator initialized successfully
/data/spriteSheet.json:1  Failed to load resource: the server responded with a status of 404 ()
 [spriteAnimator] Failed to load from /data/spriteSheet.json - status: 404
 [spriteAnimator] Attempting to load metadata from: ./data/spriteSheet.json
 [spriteAnimator] Successfully loaded metadata from: ./data/spriteSheet.json
 [spriteAnimator] Metadata loaded successfully: 11 sprites
 [spriteAnimator] Metadata keys: Array(11)
 [spriteAnimator] Initialized successfully
 [renderer] spriteAnimator initialized successfully
/data/spriteSheet.json:1  Failed to load resource: the server responded with a status of 404 ()
 [spriteAnimator] Failed to load from /data/spriteSheet.json - status: 404
 [spriteAnimator] Attempting to load metadata from: ./data/spriteSheet.json
 [spriteAnimator] Successfully loaded metadata from: ./data/spriteSheet.json
 [spriteAnimator] Metadata loaded successfully: 11 sprites
 [spriteAnimator] Metadata keys: Array(11)
 [spriteAnimator] Initialized successfully
 [renderer] spriteAnimator initialized successfully
/data/spriteSheet.json:1  Failed to load resource: the server responded with a status of 404 ()
 [spriteAnimator] Failed to load from /data/spriteSheet.json - status: 404
 [spriteAnimator] Attempting to load metadata from: ./data/spriteSheet.json
 [spriteAnimator] Successfully loaded metadata from: ./data/spriteSheet.json
 [spriteAnimator] Metadata loaded successfully: 11 sprites
 [spriteAnimator] Metadata keys: Array(11)
 [spriteAnimator] Initialized successfully
 [renderer] spriteAnimator initialized successfully
/data/spriteSheet.json:1  Failed to load resource: the server responded with a status of 404 ()
 [spriteAnimator] Failed to load from /data/spriteSheet.json - status: 404
 [spriteAnimator] Attempting to load metadata from: ./data/spriteSheet.json
 [spriteAnimator] Successfully loaded metadata from: ./data/spriteSheet.json
 [spriteAnimator] Metadata loaded successfully: 11 sprites
 [spriteAnimator] Metadata keys: Array(11)
 [spriteAnimator] Initialized successfully
 [renderer] spriteAnimator initialized successfully
 [renderer] getAnimatedSprite returned null for: https://sys.ciao.jp/mk/imgs/b-00.gif
getAnimatedSpriteFrame @ renderer.js:201
 [handleCreateRoom] Creating room: Object
 [PlayerSession] createRoom result: Object
 [PlayerSession] Set currentRoomId: 5622d460f1013a493017b25160ff6870
 チャットマネージャー初期化: Object
 [fetchRoomState] Fetching room_id: 5622d460f1013a493017b25160ff6870
 [fetchRoomState] Received data: Object
 [Host Check] hostPlayerId=6, currentPlayerId=6, isHost=true, gameMode=classic
 [Host] Other players ready: true Non-host players: Array(0)
 [fetchRoomState] Fetching room_id: 5622d460f1013a493017b25160ff6870
 [fetchRoomState] Received data: Object
 [Host Check] hostPlayerId=6, currentPlayerId=6, isHost=true, gameMode=classic
 [Host] Other players ready: true Non-host players: Array(0)
 [fetchRoomState] Fetching room_id: 5622d460f1013a493017b25160ff6870
 [fetchRoomState] Received data: Object
 [Host Check] hostPlayerId=6, currentPlayerId=6, isHost=true, gameMode=classic
 [Host] Other players ready: true Non-host players: Array(1)
 [handleHostReady] Cleared state for clean start (preserved isHost)
 チャットマネージャー初期化: Object
ui.js:715 [fetchRoomState] Fetching room_id: 5622d460f1013a493017b25160ff6870
ui.js:721 [fetchRoomState] Received data: Object
uiWaitingRoom.js:246 [Host Check] hostPlayerId=6, currentPlayerId=6, isHost=true, gameMode=classic
ui.js:770 [Host] Other players ready: false Non-host players: Array(1)
uiWaitingRoom.js:251 [updateParticipantList] Game start detected, executing checkAndStartGame
uiGameStart.js:407 [checkAndStartGame] Set game mode: classic
uiGameStart.js:422 [checkAndStartGame] Starting game: Object
uiGameStart.js:447 [checkAndStartGame] Host sessionId set before broadcast Object
uiGameStart.js:270 [initWebRTCAndStartGame] called Object
uiGameStart.js:271 [setupWebRTCMessageHandler] called Object
uiGameStart.js:289 [initWebRTCAndStartGame] Previous WebRTC cleaned up
uiGameStart.js:291 [WebRTC] Initializing connection... Object
webrtc.js:57 [WebRTC] Initialized: Object
uiGameStart.js:315 [WebRTC] Host connecting to participants: Array(1)
webrtc.js:67 [WebRTC Host] Connecting to participants: Array(1)
webrtc.js:117 [WebRTC] Creating offer connection to: 5
webrtc.js:157 [WebRTC] DataChannel created for 5, initial state: connecting
webrtc.js:162 [WebRTC] Local description set for 5, signalingState: have-local-offer
webrtc.js:125 [WebRTC] ICE candidate generated for 5: candidate:2034395833 1 udp 2113937151 0d1dba16-7053-4dd5-9837-aaa816fcaaa6.local 50126 typ host generation 0 ufrag JePo network-cost 999
webrtc.js:167 [WebRTC] Offer sent to: 5
webrtc.js:357 [WebRTC] Starting signaling poll
webrtc.js:125 [WebRTC] ICE candidate generated for 5: candidate:3300840334 1 udp 1677729535 27.139.108.135 50126 typ srflx raddr 0.0.0.0 rport 0 generation 0 ufrag JePo network-cost 999
webrtc.js:128 [WebRTC] ICE gathering complete for 5
webrtc.js:134 [WebRTC] ICE connection state with 5: checking
webrtc.js:139 [WebRTC] Connection state with 5: Object
uiGameStart.js:37 [WebRTC] Connection with 5: connecting
uiGameStart.js:178 [WebRTC] Connection status (20/100): P5: dc=connecting, pc=connecting, ice=checking
webrtc.js:492 [WebRTC] Received answer from: 5
webrtc.js:493 [WebRTC] Answer processing - before setRemoteDescription: Object
webrtc.js:503 [WebRTC] Answer processing - after setRemoteDescription: Object
webrtc.js:134 [WebRTC] ICE connection state with 5: connected
webrtc.js:139 [WebRTC] Connection state with 5: Object
uiGameStart.js:37 [WebRTC] Connection with 5: connected
uiGameStart.js:39 [WebRTC] Successfully connected to 5
webrtc.js:244 [WebRTC] DataChannel opened with 5, readyState: open
uiGameStart.js:304 [WebRTC] DataChannel opened event from 5
uiGameStart.js:182 [WebRTC] Host connection check complete: all connected
uiGameStart.js:348 [initWebRTCAndStartGame] Peer connection status: P5: dc=open, pc=connected, ice=connected
uiGameStart.js:241 [WebRTC] DataChannel open check complete: all open
uiGameStart.js:256 [Broadcast Retry] DataChannels opened, triggering broadcast
uiGameStart.js:122 [Broadcast Trigger] Starting broadcast+host start
uiGameStart.js:132 [Broadcast Trigger] 内容 Object
main.js?v=1766999518043:788 [startGame] Starting game with countdown: Object
main.js?v=1766999518043:794 [startGame] Controls UI hidden at countdown start
main.js?v=1766999518043:805 [startGame] gameSessionId set Object
uiGameStart.js:241 [WebRTC] DataChannel open check complete: all open
uiGameStart.js:380 [WebRTC] Starting game with playerInfo: Array(2)
uiGameStart.js:383 [WebRTC] Host start deferred until after broadcast
uiGameStart.js:182 [WebRTC] Host connection check complete: all connected
uiGameStart.js:241 [WebRTC] DataChannel open check complete: all open
main.js?v=1766999518043:810 [startGame] Countdown: 2
main.js?v=1766999518043:810 [startGame] Countdown: 1
main.js?v=1766999518043:810 [startGame] Countdown: 0
main.js?v=1766999518043:815 [startGame] Game started!
main.js?v=1766999518043:89 [resetGame] Online mode: Object
main.js?v=1766999518043:96 [resetGame] Using ballType: kuro
main.js?v=1766999518043:100 [resetGame] Using game mode: classic
main.js?v=1766999518043:112 [resetGame] Creating player 1: Object
player.js:26 [createPlayer] Object
main.js?v=1766999518043:123 [resetGame] Created human player 1: Object
main.js?v=1766999518043:112 [resetGame] Creating player 2: Object
player.js:26 [createPlayer] Object
main.js?v=1766999518043:123 [resetGame] Created human player 2: Object
main.js?v=1766999518043:134 [resetGame] Total players created: 2 Object
main.js?v=1766999518043:145 [resetGame] My player: playerId=6, index=0
main.js?v=1766999518043:838 [startGame] Stored hostPlayerId in state: 6
main.js?v=1766999518043:843 [startGame] Host status from hostPlayerId: true Object
main.js?v=1766999518043:861 [startGame] Starting WebRTC synchronization as HOST
main.js?v=1766999518043:269 [WebRTC Sync] Host: Starting snapshot broadcast at 20Hz
main.js?v=1766999518043:873 [startGame] Game started: Object
player.js:211 [Host Fire] index=0, pos=(0.90,0.00)
ball.js:39 [placeBall] Max balls check: Object
ball.js:66 [placeBall] Ball stats: Object
/favicon.ico:1  Failed to load resource: the server responded with a status of 404 ()
player.js:211 [Host Fire] index=0, pos=(0.15,0.80)
ball.js:39 [placeBall] Max balls check: Object
ball.js:66 [placeBall] Ball stats: Object
player.js:211 [Host Fire] index=0, pos=(0.85,0.80)
ball.js:39 [placeBall] Max balls check: Object
player.js:211 [Host Fire] index=0, pos=(2.05,0.00)
ball.js:39 [placeBall] Max balls check: Object
ball.js:66 [placeBall] Ball stats: Object
player.js:211 [Host Fire] index=0, pos=(2.05,0.65)
ball.js:39 [placeBall] Max balls check: Object
ball.js:66 [placeBall] Ball stats: Object
main.js?v=1766999518043:341 [Remote Fire Check] Object
main.js?v=1766999518043:315 [Remote Input] Received FIRE: Object
main.js?v=1766999518043:341 [Remote Fire Check] Object
main.js?v=1766999518043:352 [Remote Fire] P2 placed ball at (15.60,11.00)
ball.js:39 [placeBall] Max balls check: Object
ball.js:66 [placeBall] Ball stats: Object
main.js?v=1766999518043:315 [Remote Input] Received FIRE: Object
main.js?v=1766999518043:341 [Remote Fire Check] Object
main.js?v=1766999518043:315 [Remote Input] Received FIRE: Object
main.js?v=1766999518043:341 [Remote Fire Check] Object
main.js?v=1766999518043:341 [Remote Fire Check] Object
main.js?v=1766999518043:341 [Remote Fire Check] Object
main.js?v=1766999518043:341 [Remote Fire Check] Object
main.js?v=1766999518043:341 [Remote Fire Check] Object
main.js?v=1766999518043:341 [Remote Fire Check] Object
main.js?v=1766999518043:341 [Remote Fire Check] Object
